<html>
<body>
<pre>
<h1>µVision Build Log</h1>
<h2>Tool Versions:</h2>
IDE-Version: £gVision V5.14.0.0
Copyright (C) 2015 ARM Ltd and ARM Germany GmbH. All rights reserved.
License Information: Avery Chen, WTMEC, LIC=RC9TG-VRCDJ-7RAX3-AU2BA-08QH9-XFFGC
 
Tool Versions:
Toolchain:       MDK-ARM Standard  Version: 5.14.0.0
Toolchain Path:  C:\Keil_v5\ARM\ARMCC\Bin
C Compiler:      Armcc.exe V5.05 update 1 (build 106)
Assembler:       Armasm.exe V5.05 update 1 (build 106)
Linker/Locator:  ArmLink.exe V5.05 update 1 (build 106)
Library Manager: ArmAr.exe V5.05 update 1 (build 106)
Hex Converter:   FromElf.exe V5.05 update 1 (build 106)
CPU DLL:         SARMCM3.DLL V5.14.0.0
Dialog DLL:      DARMCM1.DLL V1.12.0.0
Target DLL:      STLink\ST-LINKIII-KEIL_SWO.dll V2.0.14.0_KEIL
Dialog DLL:      TARMCM1.DLL V1.9.0.0
 
<h2>Project:</h2>
D:\SourceCode\_Avery_STM32F0XX\STM32F030_StdPeriph_Lib_V1.5.0_SPI_DAC7760\Projects\STM32F0xx_StdPeriph_Templates\MDK-ARM\Project.uvprojx
Project File Date:  07/07/2015

<h2>Output:</h2>
Rebuild target 'STM32F030R8'
assembling startup_stm32f030.s...
compiling stm32f0xx_adc.c...
compiling stm32f0xx_cec.c...
compiling stm32f0xx_crc.c...
compiling stm32f0xx_dac.c...
compiling stm32f0xx_dma.c...
compiling stm32f0xx_flash.c...
compiling stm32f0xx_i2c.c...
compiling stm32f0xx_misc.c...
compiling stm32f0xx_rcc.c...
compiling stm32f0xx_spi.c...
compiling stm32f0xx_tim.c...
compiling stm32f0xx_wwdg.c...
compiling stm32f0xx_can.c...
compiling stm32f0xx_exti.c...
compiling stm32f0xx_iwdg.c...
compiling stm32f0xx_rtc.c...
compiling stm32f0xx_usart.c...
compiling stm32f0xx_comp.c...
compiling stm32f0xx_gpio.c...
compiling stm32f0xx_syscfg.c...
compiling stm32f0xx_dbgmcu.c...
compiling stm32f0xx_pwr.c...
compiling main.c...
compiling stm32f0xx_it.c...
compiling Hw_config.c...
compiling system_stm32f0xx.c...
compiling spi_DAC7760.c...
linking...
Program Size: Code=4896 RO-data=212 RW-data=48 ZI-data=1024  
FromELF: creating hex file...
".\STM32F030\STM32F030.axf" - 0 Error(s), 0 Warning(s).

<h2>Collection of Component include folders:</h2>
  D:\SourceCode\_Avery_STM32F0XX\STM32F030_StdPeriph_Lib_V1.5.0_SPI_DAC7760\Projects\STM32F0xx_StdPeriph_Templates\MDK-ARM\RTE
  C:\Keil_v5\ARM\PACK\Keil\STM32F0xx_DFP\1.4.0\Device\Include

<h2>Collection of Component Files used:</h2>
</pre>
</body>
</html>
